// Jest Snapshot v1, https://goo.gl/fbAQLP

exports[`<Header /> renders 1`] = `
<styled.div>
  Das ist mein Header
</styled.div>
`;
