// Jest Snapshot v1, https://goo.gl/fbAQLP

exports[`<Sidebar /> renders 1`] = `
<styled.div>
  <Navigation />
</styled.div>
`;
